[0.114s] Invoking command in '/home/odroid/ros2_thrust_ws/build/drone_dynamixel_bridge': CMAKE_PREFIX_PATH=/home/odroid/ros2_thrust_ws/install/px4_msgs:/home/odroid/ros2_thrust_ws/install/dynamixel_sdk:/home/odroid/ros2_thrust_ws/install/flightstack:/home/odroid/ros2_thrust_ws/install/dynamixel_sdk_examples:/home/odroid/ros2_thrust_ws/install/dynamixel_sdk_custom_interfaces:/home/odroid/ros2_thrust_ws/install/drone_dynamixel_bridge LD_LIBRARY_PATH=/home/odroid/ros2_thrust_ws/install/px4_msgs/lib:/home/odroid/ros2_thrust_ws/install/dynamixel_sdk/lib:/home/odroid/ros2_thrust_ws/install/dynamixel_sdk_custom_interfaces/lib:/opt/ros/galactic/opt/yaml_cpp_vendor/lib:/opt/ros/galactic/lib/aarch64-linux-gnu:/opt/ros/galactic/lib /usr/bin/cmake --build /home/odroid/ros2_thrust_ws/build/drone_dynamixel_bridge -- -j4 -l4
[0.216s] -- Found ament_cmake: 1.1.6 (/opt/ros/galactic/share/ament_cmake/cmake)
[0.229s] [33mCMake Warning (dev) at /opt/ros/galactic/share/ament_cmake_core/cmake/core/python.cmake:22 (find_package):
[0.231s]   Policy CMP0148 is not set: The FindPythonInterp and FindPythonLibs modules
[0.232s]   are removed.  Run "cmake --help-policy CMP0148" for policy details.  Use
[0.233s]   the cmake_policy command to set the policy and suppress this warning.
[0.235s] 
[0.236s] Call Stack (most recent call first):
[0.238s]   /opt/ros/galactic/share/ament_cmake_core/cmake/core/all.cmake:53 (include)
[0.239s]   /opt/ros/galactic/share/ament_cmake_core/cmake/ament_cmake_core-extras.cmake:17 (include)
[0.241s]   /opt/ros/galactic/share/ament_cmake_core/cmake/ament_cmake_coreConfig.cmake:41 (include)
[0.242s]   /opt/ros/galactic/share/ament_cmake/cmake/ament_cmake_export_dependencies-extras.cmake:15 (find_package)
[0.244s]   /opt/ros/galactic/share/ament_cmake/cmake/ament_cmakeConfig.cmake:41 (include)
[0.245s]   CMakeLists.txt:4 (find_package)
[0.247s] This warning is for project developers.  Use -Wno-dev to suppress it.
[0.248s] [0m
[0.417s] -- Using PYTHON_EXECUTABLE: /usr/bin/python3
[0.977s] -- Found rclcpp: 9.2.2 (/opt/ros/galactic/share/rclcpp/cmake)
[1.194s] -- Using single rosidl_typesupport_c: rosidl_typesupport_introspection_c
[1.218s] -- Found rosidl_adapter: 2.2.3 (/opt/ros/galactic/share/rosidl_adapter/cmake)
[1.338s] -- Using single rosidl_typesupport_cpp: rosidl_typesupport_introspection_cpp
[1.767s] -- Found rmw_implementation_cmake: 3.3.1 (/opt/ros/galactic/share/rmw_implementation_cmake/cmake)
[1.780s] -- Found rmw_cyclonedds_cpp: 0.22.6 (/opt/ros/galactic/share/rmw_cyclonedds_cpp/cmake)
[1.902s] -- Using RMW implementation 'rmw_cyclonedds_cpp' as default
[2.765s] -- Found px4_msgs: 2.0.1 (/home/odroid/ros2_thrust_ws/install/px4_msgs/share/px4_msgs/cmake)
[2.862s] -- Found tf2: 0.17.5 (/opt/ros/galactic/share/tf2/cmake)
[3.129s] -- Found tf2_geometry_msgs: 0.17.5 (/opt/ros/galactic/share/tf2_geometry_msgs/cmake)
[3.164s] -- Found eigen3_cmake_module: 0.1.1 (/opt/ros/galactic/share/eigen3_cmake_module/cmake)
[5.358s] -- Found dynamixel_sdk: 3.8.1 (/home/odroid/ros2_thrust_ws/install/dynamixel_sdk/share/dynamixel_sdk/cmake)
[5.782s] Error parsing '/home/odroid/ros2_thrust_ws/src/drone_dynamixel_bridge/package.xml':
[5.795s] Traceback (most recent call last):
[5.796s]   File "/usr/lib/python3/dist-packages/catkin_pkg/package.py", line 610, in parse_package_string
[5.797s]     root = dom.parseString(data)
[5.798s]   File "/usr/lib/python3.8/xml/dom/minidom.py", line 1969, in parseString
[5.799s]     return expatbuilder.parseString(string)
[5.800s]   File "/usr/lib/python3.8/xml/dom/expatbuilder.py", line 925, in parseString
[5.803s]     return builder.parseString(string)
[5.804s]   File "/usr/lib/python3.8/xml/dom/expatbuilder.py", line 223, in parseString
[5.808s]     parser.Parse(string, True)
[5.809s] xml.parsers.expat.ExpatError: mismatched tag: line 11, column 28
[5.810s] 
[5.812s] During handling of the above exception, another exception occurred:
[5.814s] 
[5.816s] Traceback (most recent call last):
[5.817s]   File "/opt/ros/galactic/share/ament_cmake_core/cmake/core/package_xml_2_cmake.py", line 151, in <module>
[5.819s]     main()
[5.820s]   File "/opt/ros/galactic/share/ament_cmake_core/cmake/core/package_xml_2_cmake.py", line 54, in main
[5.822s]     raise e
[5.823s]   File "/opt/ros/galactic/share/ament_cmake_core/cmake/core/package_xml_2_cmake.py", line 50, in main
[5.824s]     package = parse_package_string(
[5.825s]   File "/usr/lib/python3/dist-packages/catkin_pkg/package.py", line 612, in parse_package_string
[5.826s]     raise InvalidPackage('The manifest contains invalid XML:\n%s' % ex, filename)
[5.828s] catkin_pkg.package.InvalidPackage: Error(s) in package '/home/odroid/ros2_thrust_ws/src/drone_dynamixel_bridge/package.xml':
[5.829s] The manifest contains invalid XML:
[5.830s] mismatched tag: line 11, column 28
[5.886s] [31mCMake Error at /opt/ros/galactic/share/ament_cmake_core/cmake/core/ament_package_xml.cmake:94 (message):
[5.887s]   execute_process(/usr/bin/python3
[5.888s]   /opt/ros/galactic/share/ament_cmake_core/cmake/core/package_xml_2_cmake.py
[5.889s]   /home/odroid/ros2_thrust_ws/src/drone_dynamixel_bridge/package.xml
[5.890s]   /home/odroid/ros2_thrust_ws/build/drone_dynamixel_bridge/ament_cmake_core/package.cmake)
[5.891s]   returned error code 1
[5.892s] Call Stack (most recent call first):
[5.894s]   /opt/ros/galactic/share/ament_cmake_core/cmake/core/ament_package_xml.cmake:49 (_ament_package_xml)
[5.895s]   /opt/ros/galactic/share/ament_cmake_core/cmake/core/ament_package.cmake:63 (ament_package_xml)
[5.895s]   CMakeLists.txt:34 (ament_package)
[5.896s] 
[5.897s] [0m
[5.897s] -- Configuring incomplete, errors occurred!
[5.936s] make: *** [Makefile:267: cmake_check_build_system] Error 1
[5.944s] Invoked command in '/home/odroid/ros2_thrust_ws/build/drone_dynamixel_bridge' returned '2': CMAKE_PREFIX_PATH=/home/odroid/ros2_thrust_ws/install/px4_msgs:/home/odroid/ros2_thrust_ws/install/dynamixel_sdk:/home/odroid/ros2_thrust_ws/install/flightstack:/home/odroid/ros2_thrust_ws/install/dynamixel_sdk_examples:/home/odroid/ros2_thrust_ws/install/dynamixel_sdk_custom_interfaces:/home/odroid/ros2_thrust_ws/install/drone_dynamixel_bridge LD_LIBRARY_PATH=/home/odroid/ros2_thrust_ws/install/px4_msgs/lib:/home/odroid/ros2_thrust_ws/install/dynamixel_sdk/lib:/home/odroid/ros2_thrust_ws/install/dynamixel_sdk_custom_interfaces/lib:/opt/ros/galactic/opt/yaml_cpp_vendor/lib:/opt/ros/galactic/lib/aarch64-linux-gnu:/opt/ros/galactic/lib /usr/bin/cmake --build /home/odroid/ros2_thrust_ws/build/drone_dynamixel_bridge -- -j4 -l4
